[debug] [2025-03-06T13:40:02.213Z] ----------------------------------------------------------------------
[debug] [2025-03-06T13:40:02.215Z] Command:       C:\Program Files\nodejs\node.exe C:\Users\casta\AppData\Roaming\npm\node_modules\firebase-tools\lib\bin\firebase.js init
[debug] [2025-03-06T13:40:02.215Z] CLI Version:   13.32.0
[debug] [2025-03-06T13:40:02.216Z] Platform:      win32
[debug] [2025-03-06T13:40:02.216Z] Node Version:  v21.4.0
[debug] [2025-03-06T13:40:02.216Z] Time:          Thu Mar 06 2025 14:40:02 GMT+0100 (Ora standard dell’Europa centrale)
[debug] [2025-03-06T13:40:02.216Z] ----------------------------------------------------------------------
[debug] 
[debug] [2025-03-06T13:40:02.379Z] > command requires scopes: ["email","openid","https://www.googleapis.com/auth/cloudplatformprojects.readonly","https://www.googleapis.com/auth/firebase","https://www.googleapis.com/auth/cloud-platform"]
[debug] [2025-03-06T13:40:02.379Z] > authorizing via signed-in user (castaldo.samuele@gmail.com)
[info] 
     ######## #### ########  ######## ########     ###     ######  ########
     ##        ##  ##     ## ##       ##     ##  ##   ##  ##       ##
     ######    ##  ########  ######   ########  #########  ######  ######
     ##        ##  ##    ##  ##       ##     ## ##     ##       ## ##
     ##       #### ##     ## ######## ########  ##     ##  ######  ########

You're about to initialize a Firebase project in this directory:

  C:\Users\casta\Documents\GitHub\app-parrucchieri

Before we get started, keep in mind:

  * You are initializing within an existing Firebase project directory

[info] 
=== Project Setup
[info] 
[info] First, let's associate this project directory with a Firebase project.
[info] You can create multiple project aliases by running firebase use --add, 
[info] but for now we'll just set up a default project.
[info] 
[debug] [2025-03-06T13:40:15.940Z] Using project from CLI flag: marzano-automotive
[debug] [2025-03-06T13:40:15.941Z] Checked if tokens are valid: true, expires at: 1741271992634
[debug] [2025-03-06T13:40:15.941Z] Checked if tokens are valid: true, expires at: 1741271992634
[debug] [2025-03-06T13:40:15.942Z] >>> [apiv2][query] GET https://firebase.googleapis.com/v1beta1/projects/marzano-automotive [none]
[debug] [2025-03-06T13:40:16.384Z] <<< [apiv2][status] GET https://firebase.googleapis.com/v1beta1/projects/marzano-automotive 403
[debug] [2025-03-06T13:40:16.384Z] <<< [apiv2][body] GET https://firebase.googleapis.com/v1beta1/projects/marzano-automotive {"error":{"code":403,"message":"The caller does not have permission","status":"PERMISSION_DENIED"}}
[debug] [2025-03-06T13:40:16.385Z] Request to https://firebase.googleapis.com/v1beta1/projects/marzano-automotive had HTTP Error: 403, The caller does not have permission
[debug] [2025-03-06T13:40:16.493Z] FirebaseError: Request to https://firebase.googleapis.com/v1beta1/projects/marzano-automotive had HTTP Error: 403, The caller does not have permission
    at responseToError (C:\Users\casta\AppData\Roaming\npm\node_modules\firebase-tools\lib\responseToError.js:52:12)
    at RetryOperation._fn (C:\Users\casta\AppData\Roaming\npm\node_modules\firebase-tools\lib\apiv2.js:312:77)
    at process.processTicksAndRejections (node:internal/process/task_queues:95:5)
[error] 
[error] Error: Failed to get Firebase project marzano-automotive. Please make sure the project exists and your account has permission to access it.
[debug] [2025-03-06T13:40:28.693Z] ----------------------------------------------------------------------
[debug] [2025-03-06T13:40:28.695Z] Command:       C:\Program Files\nodejs\node.exe C:\Users\casta\AppData\Roaming\npm\node_modules\firebase-tools\lib\bin\firebase.js init
[debug] [2025-03-06T13:40:28.695Z] CLI Version:   13.32.0
[debug] [2025-03-06T13:40:28.695Z] Platform:      win32
[debug] [2025-03-06T13:40:28.695Z] Node Version:  v21.4.0
[debug] [2025-03-06T13:40:28.695Z] Time:          Thu Mar 06 2025 14:40:28 GMT+0100 (Ora standard dell’Europa centrale)
[debug] [2025-03-06T13:40:28.696Z] ----------------------------------------------------------------------
[debug] 
[debug] [2025-03-06T13:40:28.855Z] > command requires scopes: ["email","openid","https://www.googleapis.com/auth/cloudplatformprojects.readonly","https://www.googleapis.com/auth/firebase","https://www.googleapis.com/auth/cloud-platform"]
[debug] [2025-03-06T13:40:28.856Z] > authorizing via signed-in user (castaldo.samuele@gmail.com)
[info] 
     ######## #### ########  ######## ########     ###     ######  ########
     ##        ##  ##     ## ##       ##     ##  ##   ##  ##       ##
     ######    ##  ########  ######   ########  #########  ######  ######
     ##        ##  ##    ##  ##       ##     ## ##     ##       ## ##
     ##       #### ##     ## ######## ########  ##     ##  ######  ########

You're about to initialize a Firebase project in this directory:

  C:\Users\casta\Documents\GitHub\app-parrucchieri

Before we get started, keep in mind:

  * You are initializing within an existing Firebase project directory

[info] 
=== Project Setup
[info] 
[info] First, let's associate this project directory with a Firebase project.
[info] You can create multiple project aliases by running firebase use --add, 
[info] but for now we'll just set up a default project.
[info] 
[debug] [2025-03-06T13:45:25.897Z] Using project from CLI flag: marzano-automotive
[debug] [2025-03-06T13:45:25.898Z] Checked if tokens are valid: true, expires at: 1741271992634
[debug] [2025-03-06T13:45:25.898Z] Checked if tokens are valid: true, expires at: 1741271992634
[debug] [2025-03-06T13:45:25.899Z] >>> [apiv2][query] GET https://firebase.googleapis.com/v1beta1/projects/marzano-automotive [none]
[debug] [2025-03-06T13:45:26.273Z] <<< [apiv2][status] GET https://firebase.googleapis.com/v1beta1/projects/marzano-automotive 403
[debug] [2025-03-06T13:45:26.273Z] <<< [apiv2][body] GET https://firebase.googleapis.com/v1beta1/projects/marzano-automotive {"error":{"code":403,"message":"The caller does not have permission","status":"PERMISSION_DENIED"}}
[debug] [2025-03-06T13:45:26.274Z] Request to https://firebase.googleapis.com/v1beta1/projects/marzano-automotive had HTTP Error: 403, The caller does not have permission
[debug] [2025-03-06T13:45:26.470Z] FirebaseError: Request to https://firebase.googleapis.com/v1beta1/projects/marzano-automotive had HTTP Error: 403, The caller does not have permission
    at responseToError (C:\Users\casta\AppData\Roaming\npm\node_modules\firebase-tools\lib\responseToError.js:52:12)
    at RetryOperation._fn (C:\Users\casta\AppData\Roaming\npm\node_modules\firebase-tools\lib\apiv2.js:312:77)
    at process.processTicksAndRejections (node:internal/process/task_queues:95:5)
[error] 
[error] Error: Failed to get Firebase project marzano-automotive. Please make sure the project exists and your account has permission to access it.
